[Wed Mar 18 21:08:53 2026] PHP 8.3.6 Development Server (http://localhost:8000) started
[Wed Mar 18 21:10:06 2026] [::1]:41094 Accepted
[Wed Mar 18 21:10:06 2026] [::1]:41094 [200]: GET /index.php
[Wed Mar 18 21:10:06 2026] [::1]:41094 Closing
[Wed Mar 18 21:10:06 2026] [::1]:41100 Accepted
[Wed Mar 18 21:10:06 2026] [::1]:41104 Accepted
[Wed Mar 18 21:10:06 2026] [::1]:41120 Accepted
[Wed Mar 18 21:10:06 2026] [::1]:41126 Accepted
[Wed Mar 18 21:10:06 2026] [::1]:41100 [200]: GET /css/style.css
[Wed Mar 18 21:10:06 2026] [::1]:41100 Closing
[Wed Mar 18 21:10:06 2026] [::1]:41104 [200]: GET /js/utils.js
[Wed Mar 18 21:10:06 2026] [::1]:41104 Closing
[Wed Mar 18 21:10:06 2026] [::1]:41120 [200]: GET /js/theme.js
[Wed Mar 18 21:10:06 2026] [::1]:41120 Closing
[Wed Mar 18 21:10:06 2026] [::1]:41126 [200]: GET /js/main.js
[Wed Mar 18 21:10:06 2026] [::1]:41126 Closing
[Wed Mar 18 21:10:06 2026] [::1]:41136 Accepted
[Wed Mar 18 21:10:06 2026] [::1]:41136 [200]: GET /api/tmdb.php?endpoint=%2Fdiscover%2Ftv%3Fpage%3D1%26sort_by%3Dpopularity.desc%26with_original_language%3Den%26with_origin_country%3DUS%26first_air_date.gte%3D1920-01-01
[Wed Mar 18 21:10:06 2026] [::1]:41136 Closing
[Wed Mar 18 21:10:07 2026] [::1]:41140 Accepted
[Wed Mar 18 21:10:07 2026] [::1]:41140 [200]: GET /login.php
[Wed Mar 18 21:10:07 2026] [::1]:41140 Closing
[Wed Mar 18 21:10:07 2026] [::1]:41142 Accepted
[Wed Mar 18 21:10:07 2026] [::1]:41142 [200]: GET /css/style.css
[Wed Mar 18 21:10:07 2026] [::1]:41142 Closing
[Wed Mar 18 21:10:07 2026] [::1]:41144 Accepted
[Wed Mar 18 21:10:07 2026] [::1]:41144 [200]: POST /login.php
[Wed Mar 18 21:10:07 2026] [::1]:41144 Closing
[Wed Mar 18 21:10:07 2026] [::1]:41150 Accepted
[Wed Mar 18 21:10:07 2026] [::1]:41150 [200]: GET /css/style.css
[Wed Mar 18 21:10:07 2026] [::1]:41150 Closing
[Wed Mar 18 21:10:08 2026] [::1]:37492 Accepted
[Wed Mar 18 21:10:08 2026] [::1]:37492 [302]: GET /profile.php
[Wed Mar 18 21:10:08 2026] [::1]:37492 Closing
[Wed Mar 18 21:10:08 2026] [::1]:37502 Accepted
[Wed Mar 18 21:10:08 2026] [::1]:37502 [200]: GET /login.php
[Wed Mar 18 21:10:08 2026] [::1]:37502 Closing
[Wed Mar 18 21:10:08 2026] [::1]:37514 Accepted
[Wed Mar 18 21:10:08 2026] [::1]:37514 [200]: GET /css/style.css
[Wed Mar 18 21:10:08 2026] [::1]:37514 Closing
[Wed Mar 18 21:11:12 2026] [::1]:44060 Accepted
[Wed Mar 18 21:11:12 2026] [::1]:44060 [200]: GET /index.php
[Wed Mar 18 21:11:12 2026] [::1]:44060 Closing
[Wed Mar 18 21:11:12 2026] [::1]:44072 Accepted
[Wed Mar 18 21:11:12 2026] [::1]:44076 Accepted
[Wed Mar 18 21:11:12 2026] [::1]:44090 Accepted
[Wed Mar 18 21:11:12 2026] [::1]:44100 Accepted
[Wed Mar 18 21:11:12 2026] [::1]:44072 [200]: GET /css/style.css
[Wed Mar 18 21:11:12 2026] [::1]:44072 Closing
[Wed Mar 18 21:11:12 2026] [::1]:44076 [200]: GET /js/utils.js
[Wed Mar 18 21:11:12 2026] [::1]:44076 Closing
[Wed Mar 18 21:11:12 2026] [::1]:44090 [200]: GET /js/theme.js
[Wed Mar 18 21:11:12 2026] [::1]:44090 Closing
[Wed Mar 18 21:11:12 2026] [::1]:44100 [200]: GET /js/main.js
[Wed Mar 18 21:11:12 2026] [::1]:44100 Closing
[Wed Mar 18 21:11:12 2026] [::1]:44116 Accepted
[Wed Mar 18 21:11:13 2026] [::1]:44116 [200]: GET /api/tmdb.php?endpoint=%2Fdiscover%2Ftv%3Fpage%3D1%26sort_by%3Dpopularity.desc%26with_original_language%3Den%26with_origin_country%3DUS%26first_air_date.gte%3D1920-01-01
[Wed Mar 18 21:11:13 2026] [::1]:44116 Closing
[Wed Mar 18 21:11:14 2026] [::1]:44120 Accepted
[Wed Mar 18 21:11:14 2026] [::1]:44120 [200]: GET /login.php
[Wed Mar 18 21:11:14 2026] [::1]:44120 Closing
[Wed Mar 18 21:11:14 2026] [::1]:44134 Accepted
[Wed Mar 18 21:11:14 2026] [::1]:44134 [200]: GET /css/style.css
[Wed Mar 18 21:11:14 2026] [::1]:44134 Closing
[Wed Mar 18 21:11:14 2026] [::1]:44138 Accepted
[Wed Mar 18 21:11:14 2026] [::1]:44138 [200]: POST /login.php
[Wed Mar 18 21:11:14 2026] [::1]:44138 Closing
[Wed Mar 18 21:11:14 2026] [::1]:44154 Accepted
[Wed Mar 18 21:11:14 2026] [::1]:44154 [200]: GET /css/style.css
[Wed Mar 18 21:11:14 2026] [::1]:44154 Closing
[Wed Mar 18 21:11:15 2026] [::1]:44160 Accepted
[Wed Mar 18 21:11:15 2026] [::1]:44160 [302]: GET /profile.php
[Wed Mar 18 21:11:15 2026] [::1]:44160 Closing
[Wed Mar 18 21:11:15 2026] [::1]:44174 Accepted
[Wed Mar 18 21:11:15 2026] [::1]:44174 [200]: GET /login.php
[Wed Mar 18 21:11:15 2026] [::1]:44174 Closing
[Wed Mar 18 21:11:15 2026] [::1]:44182 Accepted
[Wed Mar 18 21:11:15 2026] [::1]:44182 [200]: GET /css/style.css
[Wed Mar 18 21:11:15 2026] [::1]:44182 Closing
[Wed Mar 18 21:12:01 2026] [::1]:49568 Accepted
[Wed Mar 18 21:12:01 2026] [::1]:49568 [200]: GET /index.php
[Wed Mar 18 21:12:01 2026] [::1]:49568 Closing
[Wed Mar 18 21:12:01 2026] [::1]:49582 Accepted
[Wed Mar 18 21:12:01 2026] [::1]:49586 Accepted
[Wed Mar 18 21:12:01 2026] [::1]:49602 Accepted
[Wed Mar 18 21:12:01 2026] [::1]:49604 Accepted
[Wed Mar 18 21:12:01 2026] [::1]:49582 [200]: GET /css/style.css
[Wed Mar 18 21:12:01 2026] [::1]:49582 Closing
[Wed Mar 18 21:12:01 2026] [::1]:49586 [200]: GET /js/utils.js
[Wed Mar 18 21:12:01 2026] [::1]:49586 Closing
[Wed Mar 18 21:12:01 2026] [::1]:49602 [200]: GET /js/theme.js
[Wed Mar 18 21:12:01 2026] [::1]:49602 Closing
[Wed Mar 18 21:12:01 2026] [::1]:49604 [200]: GET /js/main.js
[Wed Mar 18 21:12:01 2026] [::1]:49604 Closing
[Wed Mar 18 21:12:01 2026] [::1]:49618 Accepted
[Wed Mar 18 21:12:01 2026] [::1]:49618 [200]: GET /api/tmdb.php?endpoint=%2Fdiscover%2Ftv%3Fpage%3D1%26sort_by%3Dpopularity.desc%26with_original_language%3Den%26with_origin_country%3DUS%26first_air_date.gte%3D1920-01-01
[Wed Mar 18 21:12:01 2026] [::1]:49618 Closing
[Wed Mar 18 21:12:02 2026] [::1]:49626 Accepted
[Wed Mar 18 21:12:02 2026] [::1]:49626 [200]: GET /login.php
[Wed Mar 18 21:12:02 2026] [::1]:49626 Closing
[Wed Mar 18 21:12:02 2026] [::1]:49632 Accepted
[Wed Mar 18 21:12:02 2026] [::1]:49632 [200]: GET /css/style.css
[Wed Mar 18 21:12:02 2026] [::1]:49632 Closing
[Wed Mar 18 21:12:02 2026] [::1]:49644 Accepted
[Wed Mar 18 21:12:02 2026] [::1]:49644 [200]: POST /login.php
[Wed Mar 18 21:12:02 2026] [::1]:49644 Closing
[Wed Mar 18 21:12:02 2026] [::1]:49646 Accepted
[Wed Mar 18 21:12:02 2026] [::1]:49646 [200]: GET /css/style.css
[Wed Mar 18 21:12:02 2026] [::1]:49646 Closing
[Wed Mar 18 21:13:01 2026] [::1]:58420 Accepted
[Wed Mar 18 21:13:01 2026] [::1]:58420 [200]: GET /index.php
[Wed Mar 18 21:13:01 2026] [::1]:58420 Closing
[Wed Mar 18 21:13:01 2026] [::1]:58436 Accepted
[Wed Mar 18 21:13:01 2026] [::1]:58450 Accepted
[Wed Mar 18 21:13:01 2026] [::1]:58466 Accepted
[Wed Mar 18 21:13:01 2026] [::1]:58470 Accepted
[Wed Mar 18 21:13:01 2026] [::1]:58436 [200]: GET /css/style.css
[Wed Mar 18 21:13:01 2026] [::1]:58450 [200]: GET /js/utils.js
[Wed Mar 18 21:13:01 2026] [::1]:58466 [200]: GET /js/theme.js
[Wed Mar 18 21:13:01 2026] [::1]:58470 [200]: GET /js/main.js
[Wed Mar 18 21:13:01 2026] [::1]:58436 Closing
[Wed Mar 18 21:13:01 2026] [::1]:58450 Closing
[Wed Mar 18 21:13:01 2026] [::1]:58466 Closing
[Wed Mar 18 21:13:01 2026] [::1]:58470 Closing
[Wed Mar 18 21:13:02 2026] [::1]:58476 Accepted
[Wed Mar 18 21:13:02 2026] [::1]:58476 [200]: GET /api/tmdb.php?endpoint=%2Fdiscover%2Ftv%3Fpage%3D1%26sort_by%3Dpopularity.desc%26with_original_language%3Den%26with_origin_country%3DUS%26first_air_date.gte%3D1920-01-01
[Wed Mar 18 21:13:02 2026] [::1]:58476 Closing
[Wed Mar 18 21:13:03 2026] [::1]:58490 Accepted
[Wed Mar 18 21:13:03 2026] [::1]:58490 [200]: GET /login.php
[Wed Mar 18 21:13:03 2026] [::1]:58490 Closing
[Wed Mar 18 21:13:03 2026] [::1]:58496 Accepted
[Wed Mar 18 21:13:03 2026] [::1]:58496 [200]: GET /css/style.css
[Wed Mar 18 21:13:03 2026] [::1]:58496 Closing
[Wed Mar 18 21:13:03 2026] [::1]:58498 Accepted
[Wed Mar 18 21:13:03 2026] [::1]:58498 [302]: POST /login.php
[Wed Mar 18 21:13:03 2026] [::1]:58498 Closing
[Wed Mar 18 21:13:03 2026] [::1]:58500 Accepted
[Wed Mar 18 21:13:03 2026] [::1]:58500 [200]: GET /index.php
[Wed Mar 18 21:13:03 2026] [::1]:58500 Closing
[Wed Mar 18 21:13:03 2026] [::1]:58512 Accepted
[Wed Mar 18 21:13:03 2026] [::1]:58514 Accepted
[Wed Mar 18 21:13:03 2026] [::1]:58518 Accepted
[Wed Mar 18 21:13:03 2026] [::1]:58530 Accepted
[Wed Mar 18 21:13:03 2026] [::1]:58512 [200]: GET /css/style.css
[Wed Mar 18 21:13:03 2026] [::1]:58512 Closing
[Wed Mar 18 21:13:03 2026] [::1]:58514 [200]: GET /js/utils.js
[Wed Mar 18 21:13:03 2026] [::1]:58514 Closing
[Wed Mar 18 21:13:03 2026] [::1]:58518 [200]: GET /js/theme.js
[Wed Mar 18 21:13:03 2026] [::1]:58530 [200]: GET /js/main.js
[Wed Mar 18 21:13:03 2026] [::1]:58518 Closing
[Wed Mar 18 21:13:03 2026] [::1]:58530 Closing
[Wed Mar 18 21:13:03 2026] [::1]:58538 Accepted
[Wed Mar 18 21:13:03 2026] [::1]:58538 [200]: GET /api/tmdb.php?endpoint=%2Fdiscover%2Ftv%3Fpage%3D1%26sort_by%3Dpopularity.desc%26with_original_language%3Den%26with_origin_country%3DUS%26first_air_date.gte%3D1920-01-01
[Wed Mar 18 21:13:03 2026] [::1]:58538 Closing
[Wed Mar 18 21:13:04 2026] [::1]:58552 Accepted
[Wed Mar 18 21:13:04 2026] [::1]:58552 [200]: GET /profile.php
[Wed Mar 18 21:13:04 2026] [::1]:58552 Closing
[Wed Mar 18 21:13:04 2026] [::1]:58558 Accepted
[Wed Mar 18 21:13:04 2026] [::1]:58572 Accepted
[Wed Mar 18 21:13:04 2026] [::1]:58586 Accepted
[Wed Mar 18 21:13:04 2026] [::1]:58596 Accepted
[Wed Mar 18 21:13:04 2026] [::1]:58558 [200]: GET /css/style.css
[Wed Mar 18 21:13:04 2026] [::1]:58572 [200]: GET /js/main.js
[Wed Mar 18 21:13:04 2026] [::1]:58558 Closing
[Wed Mar 18 21:13:04 2026] [::1]:58572 Closing
[Wed Mar 18 21:13:04 2026] [::1]:58586 [200]: GET /js/utils.js
[Wed Mar 18 21:13:04 2026] [::1]:58596 [200]: GET /js/theme.js
[Wed Mar 18 21:13:04 2026] [::1]:58586 Closing
[Wed Mar 18 21:13:04 2026] [::1]:58596 Closing
[Wed Mar 18 21:13:05 2026] [::1]:58612 Accepted
[Wed Mar 18 21:13:05 2026] [::1]:58612 [200]: POST /api/admin.php
[Wed Mar 18 21:13:05 2026] [::1]:58612 Closing
[Wed Mar 18 21:13:06 2026] [::1]:58624 Accepted
[Wed Mar 18 21:13:06 2026] [::1]:58624 [200]: GET /profile.php
[Wed Mar 18 21:13:06 2026] [::1]:58624 Closing
[Wed Mar 18 21:13:06 2026] [::1]:58626 Accepted
[Wed Mar 18 21:13:06 2026] [::1]:58634 Accepted
[Wed Mar 18 21:13:06 2026] [::1]:58650 Accepted
[Wed Mar 18 21:13:06 2026] [::1]:58654 Accepted
[Wed Mar 18 21:13:06 2026] [::1]:58664 Accepted
[Wed Mar 18 21:13:06 2026] [::1]:58626 [200]: GET /css/style.css
[Wed Mar 18 21:13:06 2026] [::1]:58634 [404]: GET /css/ocean.css - No such file or directory
[Wed Mar 18 21:13:06 2026] [::1]:58650 [200]: GET /js/main.js
[Wed Mar 18 21:13:06 2026] [::1]:58654 [200]: GET /js/utils.js
[Wed Mar 18 21:13:06 2026] [::1]:58634 Closing
[Wed Mar 18 21:13:06 2026] [::1]:58664 [200]: GET /js/theme.js
[Wed Mar 18 21:13:06 2026] [::1]:58626 Closing
[Wed Mar 18 21:13:06 2026] [::1]:58650 Closing
[Wed Mar 18 21:13:06 2026] [::1]:58654 Closing
[Wed Mar 18 21:13:06 2026] [::1]:58664 Closing
[Wed Mar 18 21:13:07 2026] [::1]:58672 Accepted
[Wed Mar 18 21:13:07 2026] [::1]:58672 [200]: GET /index.php
[Wed Mar 18 21:13:07 2026] [::1]:58672 Closing
[Wed Mar 18 21:13:07 2026] [::1]:58676 Accepted
[Wed Mar 18 21:13:07 2026] [::1]:58682 Accepted
[Wed Mar 18 21:13:07 2026] [::1]:58694 Accepted
[Wed Mar 18 21:13:07 2026] [::1]:58702 Accepted
[Wed Mar 18 21:13:07 2026] [::1]:58714 Accepted
[Wed Mar 18 21:13:07 2026] [::1]:58676 [200]: GET /css/style.css
[Wed Mar 18 21:13:07 2026] [::1]:58676 Closing
[Wed Mar 18 21:13:07 2026] [::1]:58682 [404]: GET /css/ocean.css - No such file or directory
[Wed Mar 18 21:13:07 2026] [::1]:58682 Closing
[Wed Mar 18 21:13:07 2026] [::1]:58694 [200]: GET /js/utils.js
[Wed Mar 18 21:13:07 2026] [::1]:58702 [200]: GET /js/theme.js
[Wed Mar 18 21:13:07 2026] [::1]:58714 [200]: GET /js/main.js
[Wed Mar 18 21:13:07 2026] [::1]:58694 Closing
[Wed Mar 18 21:13:07 2026] [::1]:58702 Closing
[Wed Mar 18 21:13:07 2026] [::1]:58714 Closing
[Wed Mar 18 21:13:07 2026] [::1]:58726 Accepted
[Wed Mar 18 21:13:07 2026] [::1]:58726 [200]: GET /api/tmdb.php?endpoint=%2Fdiscover%2Ftv%3Fpage%3D1%26sort_by%3Dpopularity.desc%26with_original_language%3Den%26with_origin_country%3DUS%26first_air_date.gte%3D1920-01-01
[Wed Mar 18 21:13:07 2026] [::1]:58726 Closing
[Wed Mar 18 21:13:08 2026] [::1]:58740 Accepted
[Wed Mar 18 21:13:08 2026] [::1]:58740 [200]: GET /profile.php
[Wed Mar 18 21:13:08 2026] [::1]:58740 Closing
[Wed Mar 18 21:13:08 2026] [::1]:58742 Accepted
[Wed Mar 18 21:13:08 2026] [::1]:58744 Accepted
[Wed Mar 18 21:13:08 2026] [::1]:58754 Accepted
[Wed Mar 18 21:13:08 2026] [::1]:58768 Accepted
[Wed Mar 18 21:13:08 2026] [::1]:58742 [200]: GET /css/style.css
[Wed Mar 18 21:13:08 2026] [::1]:58780 Accepted
[Wed Mar 18 21:13:08 2026] [::1]:58742 Closing
[Wed Mar 18 21:13:08 2026] [::1]:58744 [404]: GET /css/ocean.css - No such file or directory
[Wed Mar 18 21:13:08 2026] [::1]:58744 Closing
[Wed Mar 18 21:13:08 2026] [::1]:58754 [200]: GET /js/main.js
[Wed Mar 18 21:13:08 2026] [::1]:58768 [200]: GET /js/utils.js
[Wed Mar 18 21:13:08 2026] [::1]:58754 Closing
[Wed Mar 18 21:13:08 2026] [::1]:58768 Closing
[Wed Mar 18 21:13:08 2026] [::1]:58780 [200]: GET /js/theme.js
[Wed Mar 18 21:13:08 2026] [::1]:58780 Closing
[Wed Mar 18 21:25:22 2026] [::1]:48348 Accepted
[Wed Mar 18 21:25:22 2026] [::1]:48348 [200]: GET /index.php
[Wed Mar 18 21:25:22 2026] [::1]:48348 Closing
[Wed Mar 18 21:25:22 2026] [::1]:48350 Accepted
[Wed Mar 18 21:25:22 2026] [::1]:48360 Accepted
[Wed Mar 18 21:25:22 2026] [::1]:48366 Accepted
[Wed Mar 18 21:25:22 2026] [::1]:48368 Accepted
[Wed Mar 18 21:25:22 2026] [::1]:48350 [200]: GET /css/style.css
[Wed Mar 18 21:25:22 2026] [::1]:48360 [200]: GET /js/utils.js
[Wed Mar 18 21:25:22 2026] [::1]:48366 [200]: GET /js/theme.js
[Wed Mar 18 21:25:22 2026] [::1]:48368 [200]: GET /js/main.js
[Wed Mar 18 21:25:22 2026] [::1]:48350 Closing
[Wed Mar 18 21:25:22 2026] [::1]:48360 Closing
[Wed Mar 18 21:25:22 2026] [::1]:48366 Closing
[Wed Mar 18 21:25:22 2026] [::1]:48368 Closing
[Wed Mar 18 21:25:22 2026] [::1]:48376 Accepted
[Wed Mar 18 21:25:22 2026] [::1]:48376 [200]: GET /api/tmdb.php?endpoint=%2Fdiscover%2Ftv%3Fpage%3D1%26sort_by%3Dpopularity.desc%26with_original_language%3Den%26with_origin_country%3DUS%26first_air_date.gte%3D1920-01-01
[Wed Mar 18 21:25:22 2026] [::1]:48376 Closing
[Wed Mar 18 21:25:23 2026] [::1]:48380 Accepted
[Wed Mar 18 21:25:23 2026] [::1]:48380 [200]: GET /login.php
[Wed Mar 18 21:25:23 2026] [::1]:48380 Closing
[Wed Mar 18 21:25:23 2026] [::1]:48384 Accepted
[Wed Mar 18 21:25:23 2026] [::1]:48384 [200]: GET /css/style.css
[Wed Mar 18 21:25:23 2026] [::1]:48384 Closing
[Wed Mar 18 21:25:24 2026] [::1]:48398 Accepted
[Wed Mar 18 21:25:24 2026] [::1]:48398 [302]: POST /login.php
[Wed Mar 18 21:25:24 2026] [::1]:48398 Closing
[Wed Mar 18 21:25:24 2026] [::1]:48414 Accepted
[Wed Mar 18 21:25:24 2026] [::1]:48414 [200]: GET /index.php
[Wed Mar 18 21:25:24 2026] [::1]:48414 Closing
[Wed Mar 18 21:25:24 2026] [::1]:48428 Accepted
[Wed Mar 18 21:25:24 2026] [::1]:48436 Accepted
[Wed Mar 18 21:25:24 2026] [::1]:48440 Accepted
[Wed Mar 18 21:25:24 2026] [::1]:48442 Accepted
[Wed Mar 18 21:25:24 2026] [::1]:48428 [200]: GET /css/style.css
[Wed Mar 18 21:25:24 2026] [::1]:48436 [200]: GET /js/utils.js
[Wed Mar 18 21:25:24 2026] [::1]:48428 Closing
[Wed Mar 18 21:25:24 2026] [::1]:48436 Closing
[Wed Mar 18 21:25:24 2026] [::1]:48440 [200]: GET /js/theme.js
[Wed Mar 18 21:25:24 2026] [::1]:48440 Closing
[Wed Mar 18 21:25:24 2026] [::1]:48442 [200]: GET /js/main.js
[Wed Mar 18 21:25:24 2026] [::1]:48442 Closing
[Wed Mar 18 21:25:24 2026] [::1]:48450 Accepted
[Wed Mar 18 21:25:24 2026] [::1]:48450 [200]: GET /api/tmdb.php?endpoint=%2Fdiscover%2Ftv%3Fpage%3D1%26sort_by%3Dpopularity.desc%26with_original_language%3Den%26with_origin_country%3DUS%26first_air_date.gte%3D1920-01-01
[Wed Mar 18 21:25:24 2026] [::1]:48450 Closing
[Wed Mar 18 21:25:25 2026] [::1]:48454 Accepted
[Wed Mar 18 21:25:25 2026] [::1]:48454 [200]: GET /profile.php
[Wed Mar 18 21:25:25 2026] [::1]:48454 Closing
[Wed Mar 18 21:25:25 2026] [::1]:48464 Accepted
[Wed Mar 18 21:25:25 2026] [::1]:48472 Accepted
[Wed Mar 18 21:25:25 2026] [::1]:48476 Accepted
[Wed Mar 18 21:25:25 2026] [::1]:48480 Accepted
[Wed Mar 18 21:25:25 2026] [::1]:48464 [200]: GET /css/style.css
[Wed Mar 18 21:25:25 2026] [::1]:48472 [200]: GET /js/main.js
[Wed Mar 18 21:25:25 2026] [::1]:48476 [200]: GET /js/utils.js
[Wed Mar 18 21:25:25 2026] [::1]:48480 [200]: GET /js/theme.js
[Wed Mar 18 21:25:25 2026] [::1]:48464 Closing
[Wed Mar 18 21:25:25 2026] [::1]:48472 Closing
[Wed Mar 18 21:25:25 2026] [::1]:48476 Closing
[Wed Mar 18 21:25:25 2026] [::1]:48480 Closing
[Wed Mar 18 21:25:26 2026] [::1]:48492 Accepted
[Wed Mar 18 21:25:26 2026] [::1]:48492 [200]: POST /api/admin.php
[Wed Mar 18 21:25:26 2026] [::1]:48492 Closing
[Wed Mar 18 21:25:27 2026] [::1]:48502 Accepted
[Wed Mar 18 21:25:27 2026] [::1]:48502 [200]: GET /profile.php
[Wed Mar 18 21:25:27 2026] [::1]:48502 Closing
[Wed Mar 18 21:25:27 2026] [::1]:48516 Accepted
[Wed Mar 18 21:25:27 2026] [::1]:48524 Accepted
[Wed Mar 18 21:25:27 2026] [::1]:48526 Accepted
[Wed Mar 18 21:25:27 2026] [::1]:48536 Accepted
[Wed Mar 18 21:25:27 2026] [::1]:48538 Accepted
[Wed Mar 18 21:25:27 2026] [::1]:48516 [404]: GET /css/ocean.css - No such file or directory
[Wed Mar 18 21:25:27 2026] [::1]:48524 [200]: GET /css/style.css
[Wed Mar 18 21:25:27 2026] [::1]:48526 [200]: GET /js/main.js
[Wed Mar 18 21:25:27 2026] [::1]:48516 Closing
[Wed Mar 18 21:25:27 2026] [::1]:48536 [200]: GET /js/utils.js
[Wed Mar 18 21:25:27 2026] [::1]:48538 [200]: GET /js/theme.js
[Wed Mar 18 21:25:27 2026] [::1]:48524 Closing
[Wed Mar 18 21:25:27 2026] [::1]:48526 Closing
[Wed Mar 18 21:25:27 2026] [::1]:48536 Closing
[Wed Mar 18 21:25:27 2026] [::1]:48538 Closing
[Wed Mar 18 21:25:28 2026] [::1]:48550 Accepted
[Wed Mar 18 21:25:28 2026] [::1]:48550 [200]: GET /index.php
[Wed Mar 18 21:25:28 2026] [::1]:48550 Closing
[Wed Mar 18 21:25:28 2026] [::1]:48560 Accepted
[Wed Mar 18 21:25:28 2026] [::1]:48574 Accepted
[Wed Mar 18 21:25:28 2026] [::1]:48576 Accepted
[Wed Mar 18 21:25:28 2026] [::1]:48590 Accepted
[Wed Mar 18 21:25:28 2026] [::1]:48594 Accepted
[Wed Mar 18 21:25:28 2026] [::1]:48560 [200]: GET /css/style.css
[Wed Mar 18 21:25:28 2026] [::1]:48574 [404]: GET /css/ocean.css - No such file or directory
[Wed Mar 18 21:25:28 2026] [::1]:48576 [200]: GET /js/utils.js
[Wed Mar 18 21:25:28 2026] [::1]:48590 [200]: GET /js/theme.js
[Wed Mar 18 21:25:28 2026] [::1]:48594 [200]: GET /js/main.js
[Wed Mar 18 21:25:28 2026] [::1]:48574 Closing
[Wed Mar 18 21:25:28 2026] [::1]:48560 Closing
[Wed Mar 18 21:25:28 2026] [::1]:48576 Closing
[Wed Mar 18 21:25:28 2026] [::1]:48590 Closing
[Wed Mar 18 21:25:28 2026] [::1]:48594 Closing
[Wed Mar 18 21:25:28 2026] [::1]:48604 Accepted
[Wed Mar 18 21:25:28 2026] [::1]:48604 [200]: GET /api/tmdb.php?endpoint=%2Fdiscover%2Ftv%3Fpage%3D1%26sort_by%3Dpopularity.desc%26with_original_language%3Den%26with_origin_country%3DUS%26first_air_date.gte%3D1920-01-01
[Wed Mar 18 21:25:28 2026] [::1]:48604 Closing
[Wed Mar 18 21:25:29 2026] [::1]:49172 Accepted
[Wed Mar 18 21:25:29 2026] [::1]:49172 [200]: GET /profile.php
[Wed Mar 18 21:25:29 2026] [::1]:49172 Closing
[Wed Mar 18 21:25:29 2026] [::1]:49186 Accepted
[Wed Mar 18 21:25:29 2026] [::1]:49196 Accepted
[Wed Mar 18 21:25:29 2026] [::1]:49186 [200]: GET /css/style.css
[Wed Mar 18 21:25:29 2026] [::1]:49196 [404]: GET /css/ocean.css - No such file or directory
[Wed Mar 18 21:25:29 2026] [::1]:49196 Closing
[Wed Mar 18 21:25:29 2026] [::1]:49186 Closing
[Wed Mar 18 21:25:29 2026] [::1]:49200 Accepted
[Wed Mar 18 21:25:29 2026] [::1]:49214 Accepted
[Wed Mar 18 21:25:29 2026] [::1]:49200 [200]: GET /js/main.js
[Wed Mar 18 21:25:29 2026] [::1]:49230 Accepted
[Wed Mar 18 21:25:29 2026] [::1]:49214 [200]: GET /js/utils.js
[Wed Mar 18 21:25:29 2026] [::1]:49230 [200]: GET /js/theme.js
[Wed Mar 18 21:25:29 2026] [::1]:49200 Closing
[Wed Mar 18 21:25:29 2026] [::1]:49214 Closing
[Wed Mar 18 21:25:29 2026] [::1]:49230 Closing
